// Jest Snapshot v1, https://goo.gl/fbAQLP

exports[`App click suite button click should hide component 1`] = `ReactWrapper {}`;
