// Jest Snapshot v1, https://goo.gl/fbAQLP

exports[`MyComponent should render correctly in "debug" mode 1`] = `ShallowWrapper {}`;

exports[`MyComponent should render correctly with no props 1`] = `ReactWrapper {}`;
